// Jest Snapshot v1, https://goo.gl/fbAQLP

exports[`Pruebas en <Carousel/> Debe de mostrar <Carousel/> correctamente 1`] = `
<View
  style={
    Object {
      "flex": 1,
    }
  }
>
  <ForwardRef(AnimatedComponentWrapper)
    data={
      Array [
        Object {
          "description": "",
          "id": 1,
          "image": "https://images.unsplash.com/photo-1559141680-d0bd7bc5af84?ixid=MXwxMjA3fDB8MHxwaG90by1wYWdlfHx8fGVufDB8fHw%3D&ixlib=rb-1.2.1&auto=format&fit=crop&w=192&q=80",
          "title": "50% Discount for all Purchases this Morning",
        },
        Object {
          "description": "",
          "id": 2,
          "image": "https://images.unsplash.com/photo-1485365435483-337eb45ec196?ixid=MXwxMjA3fDB8MHxwaG90by1wYWdlfHx8fGVufDB8fHw%3D&ixlib=rb-1.2.1&auto=format&fit=crop&w=1050&q=80",
          "title": "50% Discount for all Purchases this Morning",
        },
        Object {
          "description": "",
          "id": 3,
          "image": "https://images.unsplash.com/photo-1459257868276-5e65389e2722?ixid=MXwxMjA3fDB8MHxwaG90by1wYWdlfHx8fGVufDB8fHw%3D&ixlib=rb-1.2.1&auto=format&fit=crop&w=1050&q=80",
          "title": "50% Discount for all Purchases this Morning",
        },
        Object {
          "description": "",
          "id": 4,
          "image": "https://images.unsplash.com/photo-1448316998199-a2aaf2b5d4a6?ixid=MXwxMjA3fDB8MHxwaG90by1wYWdlfHx8fGVufDB8fHw%3D&ixlib=rb-1.2.1&auto=format&fit=crop&w=1050&q=80",
          "title": "50% Discount for all Purchases this Morning",
        },
      ]
    }
    decelerationRate="fast"
    horizontal={true}
    keyExtractor={[Function]}
    onScroll={[Function]}
    renderItem={[Function]}
    scrollEnabled={true}
    scrollEventThrottle={16}
    showsHorizontalScrollIndicator={false}
    snapToAlignment="center"
    style={
      Object {
        "flex": 0.95,
      }
    }
  />
  <View
    style={
      Object {
        "alignItems": "center",
        "flex": 0.05,
        "flexDirection": "row",
        "justifyContent": "center",
      }
    }
  >
    <ForwardRef(AnimatedComponentWrapper)
      key="0"
      style={
        Object {
          "backgroundColor": "#212121",
          "borderRadius": 5,
          "height": 10,
          "margin": 8,
          "opacity": 1,
          "width": 10,
        }
      }
    />
    <ForwardRef(AnimatedComponentWrapper)
      key="1"
      style={
        Object {
          "backgroundColor": "#212121",
          "borderRadius": 5,
          "height": 10,
          "margin": 8,
          "opacity": 0.3,
          "width": 10,
        }
      }
    />
    <ForwardRef(AnimatedComponentWrapper)
      key="2"
      style={
        Object {
          "backgroundColor": "#212121",
          "borderRadius": 5,
          "height": 10,
          "margin": 8,
          "opacity": 0.3,
          "width": 10,
        }
      }
    />
    <ForwardRef(AnimatedComponentWrapper)
      key="3"
      style={
        Object {
          "backgroundColor": "#212121",
          "borderRadius": 5,
          "height": 10,
          "margin": 8,
          "opacity": 0.3,
          "width": 10,
        }
      }
    />
  </View>
</View>
`;
